#-----------------------------------------------------------
# Vivado v2018.2 (64-bit)
# SW Build 2258646 on Thu Jun 14 20:03:12 MDT 2018
# IP Build 2256618 on Thu Jun 14 22:10:49 MDT 2018
# Start of session at: Tue Mar 26 21:43:40 2019
# Process ID: 9880
# Current directory: C:/Users/Rohan/Desktop/Vivado/master/EE2026-Design-Project
# Command line: vivado.exe -gui_launcher_event rodinguilauncherevent18724 C:\Users\Rohan\Desktop\Vivado\master\EE2026-Design-Project\Audio_Viz_Project_Template.xpr
# Log file: C:/Users/Rohan/Desktop/Vivado/master/EE2026-Design-Project/vivado.log
# Journal file: C:/Users/Rohan/Desktop/Vivado/master/EE2026-Design-Project\vivado.jou
#-----------------------------------------------------------
start_gui
open_project C:/Users/Rohan/Desktop/Vivado/master/EE2026-Design-Project/Audio_Viz_Project_Template.xpr
reset_run impl_1
reset_run synth_1
1 -to_step write_bitstream -jobs 4
wait_on_run impl_1
reset_run synth_1
launch_runs impl_1 -to_step write_bitstream -jobs 4
wait_on_run impl_1
reset_run impl_1
launch_runs impl_1 -jobs 4
wait_on_run impl_1
launch_runs impl_1 -to_step write_bitstream -jobs 4
wait_on_run impl_1
open_hw
connect_hw_server
open_hw_target
set_property PROGRAM.FILE {C:/Users/Rohan/Desktop/Vivado/master/EE2026-Design-Project/Audio_Viz_Project_Template.runs/impl_1/Voice_Scope_TOP.bit} [get_hw_devices xc7a35t_0]
current_hw_device [get_hw_devices xc7a35t_0]
refresh_hw_device -update_hw_probes false [lindex [get_hw_devices xc7a35t_0] 0]
set_property PROBES.FILE {} [get_hw_devices xc7a35t_0]
set_property FULL_PROBES.FILE {} [get_hw_devices xc7a35t_0]
set_property PROGRAM.FILE {C:/Users/Rohan/Desktop/Vivado/master/EE2026-Design-Project/Audio_Viz_Project_Template.runs/impl_1/Voice_Scope_TOP.bit} [get_hw_devices xc7a35t_0]
program_hw_devices [get_hw_devices xc7a35t_0]
refresh_hw_device [lindex [get_hw_devices xc7a35t_0] 0]
reset_run synth_1
launch_runs impl_1 -to_step write_bitstream -jobs 4
wait_on_run impl_1
set_property PROBES.FILE {} [get_hw_devices xc7a35t_0]
set_property FULL_PROBES.FILE {} [get_hw_devices xc7a35t_0]
set_property PROGRAM.FILE {C:/Users/Rohan/Desktop/Vivado/master/EE2026-Design-Project/Audio_Viz_Project_Template.runs/impl_1/Voice_Scope_TOP.bit} [get_hw_devices xc7a35t_0]
program_hw_devices [get_hw_devices xc7a35t_0]
refresh_hw_device [lindex [get_hw_devices xc7a35t_0] 0]
close [ open C:/Users/Rohan/Desktop/Vivado/master/EE2026-Design-Project/Audio_Viz_Project_Template.srcs/sources_1/new/cycle_grid.v w ]
add_files C:/Users/Rohan/Desktop/Vivado/master/EE2026-Design-Project/Audio_Viz_Project_Template.srcs/sources_1/new/cycle_grid.v
reset_run synth_1
launch_runs impl_1 -to_step write_bitstream -jobs 4
wait_on_run impl_1
reset_run synth_1
launch_runs impl_1 -to_step write_bitstream -jobs 4
wait_on_run impl_1
set_property PROBES.FILE {} [get_hw_devices xc7a35t_0]
set_property FULL_PROBES.FILE {} [get_hw_devices xc7a35t_0]
set_property PROGRAM.FILE {C:/Users/Rohan/Desktop/Vivado/master/EE2026-Design-Project/Audio_Viz_Project_Template.runs/impl_1/Voice_Scope_TOP.bit} [get_hw_devices xc7a35t_0]
program_hw_devices [get_hw_devices xc7a35t_0]
refresh_hw_device [lindex [get_hw_devices xc7a35t_0] 0]
reset_run synth_1
launch_runs impl_1 -to_step write_bitstream -jobs 4
wait_on_run impl_1
set_property PROBES.FILE {} [get_hw_devices xc7a35t_0]
set_property FULL_PROBES.FILE {} [get_hw_devices xc7a35t_0]
set_property PROGRAM.FILE {C:/Users/Rohan/Desktop/Vivado/master/EE2026-Design-Project/Audio_Viz_Project_Template.runs/impl_1/Voice_Scope_TOP.bit} [get_hw_devices xc7a35t_0]
program_hw_devices [get_hw_devices xc7a35t_0]
refresh_hw_device [lindex [get_hw_devices xc7a35t_0] 0]
reset_run synth_1
launch_runs impl_1 -to_step write_bitstream -jobs 4
wait_on_run impl_1
set_property PROBES.FILE {} [get_hw_devices xc7a35t_0]
set_property FULL_PROBES.FILE {} [get_hw_devices xc7a35t_0]
set_property PROGRAM.FILE {C:/Users/Rohan/Desktop/Vivado/master/EE2026-Design-Project/Audio_Viz_Project_Template.runs/impl_1/Voice_Scope_TOP.bit} [get_hw_devices xc7a35t_0]
program_hw_devices [get_hw_devices xc7a35t_0]
refresh_hw_device [lindex [get_hw_devices xc7a35t_0] 0]
reset_run synth_1
launch_runs impl_1 -to_step write_bitstream -jobs 4
wait_on_run impl_1
set_property PROBES.FILE {} [get_hw_devices xc7a35t_0]
set_property FULL_PROBES.FILE {} [get_hw_devices xc7a35t_0]
set_property PROGRAM.FILE {C:/Users/Rohan/Desktop/Vivado/master/EE2026-Design-Project/Audio_Viz_Project_Template.runs/impl_1/Voice_Scope_TOP.bit} [get_hw_devices xc7a35t_0]
program_hw_devices [get_hw_devices xc7a35t_0]
refresh_hw_device [lindex [get_hw_devices xc7a35t_0] 0]
