#-----------------------------------------------------------
# Vivado v2018.2 (64-bit)
# SW Build 2258646 on Thu Jun 14 20:03:12 MDT 2018
# IP Build 2256618 on Thu Jun 14 22:10:49 MDT 2018
# Start of session at: Fri Apr  5 10:34:20 2019
# Process ID: 15968
# Current directory: C:/Users/sujay/Desktop/ee2026_project/EE2026-Design-Project
# Command line: vivado.exe -gui_launcher_event rodinguilauncherevent19868 C:\Users\sujay\Desktop\ee2026_project\EE2026-Design-Project\Audio_Viz_Project_Template.xpr
# Log file: C:/Users/sujay/Desktop/ee2026_project/EE2026-Design-Project/vivado.log
# Journal file: C:/Users/sujay/Desktop/ee2026_project/EE2026-Design-Project\vivado.jou
#-----------------------------------------------------------
start_gui
open_project C:/Users/sujay/Desktop/ee2026_project/EE2026-Design-Project/Audio_Viz_Project_Template.xpr
close [ open C:/Users/sujay/Desktop/ee2026_project/EE2026-Design-Project/Audio_Viz_Project_Template.srcs/sources_1/new/colour_boxes.v w ]
add_files C:/Users/sujay/Desktop/ee2026_project/EE2026-Design-Project/Audio_Viz_Project_Template.srcs/sources_1/new/colour_boxes.v
reset_run synth_1
launch_runs impl_1 -to_step write_bitstream -jobs 4
wait_on_run impl_1
open_hw
connect_hw_server
open_hw_target
set_property PROGRAM.FILE {C:/Users/sujay/Desktop/ee2026_project/EE2026-Design-Project/Audio_Viz_Project_Template.runs/impl_1/Voice_Scope_TOP.bit} [get_hw_devices xc7a35t_0]
current_hw_device [get_hw_devices xc7a35t_0]
refresh_hw_device -update_hw_probes false [lindex [get_hw_devices xc7a35t_0] 0]
set_property PROBES.FILE {} [get_hw_devices xc7a35t_0]
set_property FULL_PROBES.FILE {} [get_hw_devices xc7a35t_0]
set_property PROGRAM.FILE {C:/Users/sujay/Desktop/ee2026_project/EE2026-Design-Project/Audio_Viz_Project_Template.runs/impl_1/Voice_Scope_TOP.bit} [get_hw_devices xc7a35t_0]
program_hw_devices [get_hw_devices xc7a35t_0]
refresh_hw_device [lindex [get_hw_devices xc7a35t_0] 0]
reset_run synth_1
launch_runs impl_1 -to_step write_bitstream -jobs 4
wait_on_run impl_1
close [ open C:/Users/sujay/Desktop/ee2026_project/EE2026-Design-Project/Audio_Viz_Project_Template.srcs/sources_1/new/menu_bg.v w ]
add_files C:/Users/sujay/Desktop/ee2026_project/EE2026-Design-Project/Audio_Viz_Project_Template.srcs/sources_1/new/menu_bg.v
reset_run synth_1
launch_runs impl_1 -to_step write_bitstream -jobs 4
wait_on_run impl_1
reset_run synth_1
launch_runs impl_1 -to_step write_bitstream -jobs 4
wait_on_run impl_1
set_property PROBES.FILE {} [get_hw_devices xc7a35t_0]
set_property FULL_PROBES.FILE {} [get_hw_devices xc7a35t_0]
set_property PROGRAM.FILE {C:/Users/sujay/Desktop/ee2026_project/EE2026-Design-Project/Audio_Viz_Project_Template.runs/impl_1/Voice_Scope_TOP.bit} [get_hw_devices xc7a35t_0]
program_hw_devices [get_hw_devices xc7a35t_0]
refresh_hw_device [lindex [get_hw_devices xc7a35t_0] 0]
reset_run synth_1
launch_runs impl_1 -to_step write_bitstream -jobs 4
wait_on_run impl_1
set_property PROBES.FILE {} [get_hw_devices xc7a35t_0]
set_property FULL_PROBES.FILE {} [get_hw_devices xc7a35t_0]
set_property PROGRAM.FILE {C:/Users/sujay/Desktop/ee2026_project/EE2026-Design-Project/Audio_Viz_Project_Template.runs/impl_1/Voice_Scope_TOP.bit} [get_hw_devices xc7a35t_0]
program_hw_devices [get_hw_devices xc7a35t_0]
refresh_hw_device [lindex [get_hw_devices xc7a35t_0] 0]
